../Core/Src/drive.c:29:6:first_sectionA	16	static
../Core/Src/drive.c:47:6:half_sectionA	24	static
../Core/Src/drive.c:78:6:half_sectionAD	32	static
../Core/Src/drive.c:109:6:half_sectionD	24	static
../Core/Src/drive.c:146:6:half_sectionDD	32	static
../Core/Src/drive.c:182:6:one_sectionA	16	static
../Core/Src/drive.c:208:6:one_sectionD	16	static
../Core/Src/drive.c:239:6:one_section	4	static
../Core/Src/drive.c:247:6:one_sectionU	16	static
../Core/Src/drive.c:264:6:half_sectionU	8	static
../Core/Src/drive.c:279:6:run_straight	24	static
../Core/Src/drive.c:303:6:rotate_R90	8	static
../Core/Src/drive.c:314:6:rotate_L90	8	static
../Core/Src/drive.c:325:6:rotate_180	8	static
../Core/Src/drive.c:333:6:turn_R90	16	static
../Core/Src/drive.c:363:6:turn_L90	16	static
../Core/Src/drive.c:394:6:l_turn_R90	8	static
../Core/Src/drive.c:411:6:l_turn_L90	8	static
../Core/Src/drive.c:428:6:l_turn_R180	16	static
../Core/Src/drive.c:445:6:l_turn_L180	16	static
../Core/Src/drive.c:462:6:turn_R45_In	8	static
../Core/Src/drive.c:475:6:turn_R45_Out	8	static
../Core/Src/drive.c:489:6:turn_L45_In	8	static
../Core/Src/drive.c:502:6:turn_L45_Out	8	static
../Core/Src/drive.c:516:6:turn_RV90	8	static
../Core/Src/drive.c:530:6:turn_LV90	8	static
../Core/Src/drive.c:544:6:turn_R135_In	8	static
../Core/Src/drive.c:558:6:turn_R135_Out	8	static
../Core/Src/drive.c:572:6:turn_L135_In	8	static
../Core/Src/drive.c:586:6:turn_L135_Out	8	static
../Core/Src/drive.c:600:6:run_diagonal	16	static
../Core/Src/drive.c:621:6:turn_setposition_R90	8	static
../Core/Src/drive.c:640:6:turn_setposition_L90	8	static
../Core/Src/drive.c:659:6:set_position	8	static
../Core/Src/drive.c:694:6:match_position	16	static
../Core/Src/drive.c:714:6:driveA	24	static
../Core/Src/drive.c:795:6:driveR	24	static
../Core/Src/drive.c:876:6:driveC	16	static
../Core/Src/drive.c:884:6:driveM	16	static
../Core/Src/drive.c:892:6:driveSR	24	static
../Core/Src/drive.c:953:6:driveSL	24	static
../Core/Src/drive.c:1006:6:driveFWall	24	static
../Core/Src/drive.c:1047:6:driveWallEnd	24	static
../Core/Src/drive.c:1118:6:adjust_wallend	4	static
../Core/Src/drive.c:1129:6:drive_init	8	static
../Core/Src/drive.c:1148:6:drive_variable_reset	4	static
../Core/Src/drive.c:1191:6:drive_enable_motor	8	static
../Core/Src/drive.c:1201:6:drive_disable_motor	8	static
../Core/Src/drive.c:1212:6:drive_start	8	static
../Core/Src/drive.c:1224:6:drive_stop	8	static
../Core/Src/drive.c:1235:6:drive_set_dir	16	static
../Core/Src/drive.c:1275:6:drive_motor	8	static
../Core/Src/drive.c:1343:6:drive_fan	24	static
../Core/Src/drive.c:1370:6:test_run	136	static
../Core/Src/drive.c:1710:6:reset_failed	16	static
