../Core/Src/drive.c:35:6:first_sectionA	16	static
../Core/Src/drive.c:53:6:half_sectionA	24	static
../Core/Src/drive.c:84:6:half_sectionAD	32	static
../Core/Src/drive.c:115:6:half_sectionD	24	static
../Core/Src/drive.c:152:6:half_sectionDD	32	static
../Core/Src/drive.c:188:6:one_sectionA	16	static
../Core/Src/drive.c:214:6:one_sectionD	16	static
../Core/Src/drive.c:245:6:one_section	4	static
../Core/Src/drive.c:253:6:one_sectionU	16	static
../Core/Src/drive.c:270:6:half_sectionU	8	static
../Core/Src/drive.c:285:6:run_straight	24	static
../Core/Src/drive.c:309:6:rotate_R90	8	static
../Core/Src/drive.c:320:6:rotate_L90	8	static
../Core/Src/drive.c:331:6:rotate_180	8	static
../Core/Src/drive.c:339:6:turn_R90	16	static
../Core/Src/drive.c:369:6:turn_L90	16	static
../Core/Src/drive.c:400:6:l_turn_R90	8	static
../Core/Src/drive.c:417:6:l_turn_L90	8	static
../Core/Src/drive.c:434:6:l_turn_R180	16	static
../Core/Src/drive.c:451:6:l_turn_L180	16	static
../Core/Src/drive.c:468:6:turn_R45_In	8	static
../Core/Src/drive.c:481:6:turn_R45_Out	8	static
../Core/Src/drive.c:495:6:turn_L45_In	8	static
../Core/Src/drive.c:508:6:turn_L45_Out	8	static
../Core/Src/drive.c:522:6:turn_RV90	8	static
../Core/Src/drive.c:536:6:turn_LV90	8	static
../Core/Src/drive.c:550:6:turn_R135_In	8	static
../Core/Src/drive.c:564:6:turn_R135_Out	8	static
../Core/Src/drive.c:578:6:turn_L135_In	8	static
../Core/Src/drive.c:592:6:turn_L135_Out	8	static
../Core/Src/drive.c:606:6:run_diagonal	16	static
../Core/Src/drive.c:627:6:turn_setposition_R90	8	static
../Core/Src/drive.c:646:6:turn_setposition_L90	8	static
../Core/Src/drive.c:665:6:set_position	8	static
../Core/Src/drive.c:700:6:match_position	16	static
../Core/Src/drive.c:720:6:driveA	24	static
../Core/Src/drive.c:801:6:driveR	24	static
../Core/Src/drive.c:879:6:driveC	16	static
../Core/Src/drive.c:887:6:driveM	16	static
../Core/Src/drive.c:895:6:driveSR	24	static
../Core/Src/drive.c:956:6:driveSL	24	static
../Core/Src/drive.c:1009:6:driveFWall	24	static
../Core/Src/drive.c:1050:6:driveWallEnd	24	static
../Core/Src/drive.c:1121:6:adjust_wallend	4	static
../Core/Src/drive.c:1132:6:drive_init	8	static
../Core/Src/drive.c:1151:6:drive_variable_reset	4	static
../Core/Src/drive.c:1194:6:drive_enable_motor	4	static
../Core/Src/drive.c:1204:6:drive_disable_motor	4	static
../Core/Src/drive.c:1215:6:drive_start	8	static
../Core/Src/drive.c:1227:6:drive_stop	8	static
../Core/Src/drive.c:1238:6:drive_set_dir	16	static
../Core/Src/drive.c:1278:6:drive_motor	8	static
../Core/Src/drive.c:1346:6:drive_fan	24	static
../Core/Src/drive.c:1373:6:test_run	16	static
../Core/Src/drive.c:1686:6:reset_failed	16	static
