../Core/Src/main.c:92:5:main	16	static
../Core/Src/main.c:252:6:SystemClock_Config	88	static
../Core/Src/main.c:299:13:MX_ADC1_Init	24	static
../Core/Src/main.c:425:13:MX_SPI3_Init	8	static
../Core/Src/main.c:463:13:MX_TIM1_Init	96	static
../Core/Src/main.c:537:13:MX_TIM2_Init	64	static
../Core/Src/main.c:600:13:MX_TIM3_Init	64	static
../Core/Src/main.c:663:13:MX_TIM4_Init	80	static
../Core/Src/main.c:725:13:MX_TIM5_Init	32	static
../Core/Src/main.c:770:13:MX_TIM8_Init	56	static
../Core/Src/main.c:820:13:MX_USART1_UART_Init	8	static
../Core/Src/main.c:853:13:MX_GPIO_Init	48	static
../Core/Src/main.c:949:6:Error_Handler	4	static,ignoring_inline_asm
