../Core/Src/sensor.c:16:6:sensor_init	8	static
../Core/Src/sensor.c:36:5:get_adc_value	16	static
../Core/Src/sensor.c:48:5:get_sensor_value_r	8	static
../Core/Src/sensor.c:56:5:get_sensor_value_fr	8	static
../Core/Src/sensor.c:64:5:get_sensor_value_fl	8	static
../Core/Src/sensor.c:72:5:get_sensor_value_l	8	static
../Core/Src/sensor.c:80:5:get_battery_value	8	static
../Core/Src/sensor.c:88:9:get_base	16	static
../Core/Src/sensor.c:109:6:get_wall_info	8	static
../Core/Src/sensor.c:146:9:read_byte	24	static
../Core/Src/sensor.c:171:6:write_byte	24	static
../Core/Src/sensor.c:184:6:ICM20689_Init	16	static
../Core/Src/sensor.c:219:7:ICM20689_GYRO_READ	32	static
../Core/Src/sensor.c:227:7:ICM20689_ACCEL_READ	32	static
../Core/Src/sensor.c:234:6:ICM20689_DataUpdate	8	static
../Core/Src/sensor.c:258:6:IMU_GetOffset	40	static
../Core/Src/sensor.c:272:6:indicate_sensor	8	static
../Core/Src/sensor.c:297:6:wall_end	8	static
