../Core/Src/sensor.c:16:6:sensor_init	8	static
../Core/Src/sensor.c:39:5:get_adc_value	16	static
../Core/Src/sensor.c:51:5:get_sensor_value_r	8	static
../Core/Src/sensor.c:59:5:get_sensor_value_fr	8	static
../Core/Src/sensor.c:67:5:get_sensor_value_fl	8	static
../Core/Src/sensor.c:75:5:get_sensor_value_l	8	static
../Core/Src/sensor.c:83:5:get_battery_value	8	static
../Core/Src/sensor.c:91:9:get_base	16	static
../Core/Src/sensor.c:112:6:get_wall_info	8	static
../Core/Src/sensor.c:154:16:read16_le	24	static
../Core/Src/sensor.c:161:6:ISM330_Init	16	static
../Core/Src/sensor.c:193:21:ism330_gyro_dps	16	static
../Core/Src/sensor.c:199:21:ism330_accel_g	16	static
../Core/Src/sensor.c:203:6:ISM330_DataUpdate	32	static
../Core/Src/sensor.c:235:6:IMU_Init_Auto	16	static
../Core/Src/sensor.c:258:6:IMU_DataUpdate	8	static
../Core/Src/sensor.c:268:9:read_byte	24	static
../Core/Src/sensor.c:279:13:spi3_reinit	24	static
../Core/Src/sensor.c:290:6:IMU_ProbeWHOAMI_Debug	24	static
../Core/Src/sensor.c:344:6:write_byte	24	static
../Core/Src/sensor.c:357:6:ICM20689_Init	16	static
../Core/Src/sensor.c:389:7:ICM20689_GYRO_READ	32	static
../Core/Src/sensor.c:397:7:ICM20689_ACCEL_READ	32	static
../Core/Src/sensor.c:404:6:ICM20689_DataUpdate	8	static
../Core/Src/sensor.c:428:6:get_sensor_offsets	40	static
../Core/Src/sensor.c:470:6:IMU_GetOffset	40	static
../Core/Src/sensor.c:484:6:indicate_sensor	4	static
../Core/Src/sensor.c:509:6:wall_end	8	static
