drive.c:29:6:half_sectionA	8	static
drive.c:42:6:half_sectionD	8	static
drive.c:55:6:one_sectionA	8	static
drive.c:73:6:one_sectionD	16	static
drive.c:87:6:one_section	8	static
drive.c:100:6:one_sectionU	8	static
drive.c:114:6:half_sectionU	8	static
drive.c:128:6:rotate_R90	8	static
drive.c:145:6:rotate_L90	8	static
drive.c:163:6:rotate_180	8	static
drive.c:180:6:turn_R90	8	static
drive.c:204:6:turn_L90	8	static
drive.c:228:6:l_turn_R90	8	static
drive.c:247:6:l_turn_L90	8	static
drive.c:266:6:set_position	16	static
drive.c:288:6:match_position	16	static
drive.c:321:6:driveA	16	static
drive.c:354:6:driveU	16	static
drive.c:377:6:driveC	16	static
drive.c:394:6:driveM	16	static
drive.c:422:6:driveSR	16	static
drive.c:477:6:driveSL	16	static
drive.c:531:6:driveLTR	16	static
drive.c:555:6:driveLTL	16	static
drive.c:582:6:drive_init	8	static
drive.c:610:6:drive_enable_motor	8	static
drive.c:621:6:drive_disable_motor	8	static
drive.c:632:6:drive_reset_t_cnt	4	static
drive.c:643:6:drive_start	8	static
drive.c:672:6:drive_stop	8	static
drive.c:696:6:drive_set_dir	16	static
drive.c:727:6:test_run	16	static
